\BOOKMARK [0][-]{chapter.1}{\376\377\000I\000n\000t\000r\000o\000d\000u\000c\000c\000i\000\363\000n}{}% 1
\BOOKMARK [1][-]{section.1.1}{\376\377\000M\000o\000t\000i\000v\000a\000c\000i\000\363\000n}{chapter.1}% 2
\BOOKMARK [1][-]{section.1.2}{\376\377\000O\000b\000j\000e\000t\000i\000v\000o\000s}{chapter.1}% 3
\BOOKMARK [1][-]{section.1.3}{\376\377\000E\000s\000t\000r\000u\000c\000t\000u\000r\000a\000\040\000d\000e\000l\000\040\000t\000r\000a\000b\000a\000j\000o}{chapter.1}% 4
\BOOKMARK [1][-]{section.1.4}{\376\377\000E\000j\000e\000m\000p\000l\000o\000\040\000d\000e\000\040\000t\000e\000x\000t\000o\000\040\000l\000a\000r\000g\000o}{chapter.1}% 5
\BOOKMARK [0][-]{chapter.2}{\376\377\000E\000s\000t\000a\000d\000o\000\040\000d\000e\000l\000\040\000a\000r\000t\000e}{}% 6
\BOOKMARK [1][-]{section.2.1}{\376\377\000F\000o\000r\000m\000a\000t\000o\000\040\000g\000e\000n\000e\000r\000a\000l}{chapter.2}% 7
\BOOKMARK [1][-]{section.2.2}{\376\377\000E\000s\000t\000r\000u\000c\000t\000u\000r\000a\000\040\000d\000e\000\040\000l\000a\000s\000\040\000r\000e\000f\000e\000r\000e\000n\000c\000i\000a\000s}{chapter.2}% 8
\BOOKMARK [1][-]{section.2.3}{\376\377\000O\000t\000r\000o\000s\000\040\000d\000e\000t\000a\000l\000l\000e\000s}{chapter.2}% 9
\BOOKMARK [1][-]{section.2.4}{\376\377\000D\000e\000s\000c\000r\000i\000p\000c\000i\000\363\000n\000\040\000d\000e\000l\000\040\000c\000a\000p\000\355\000t\000u\000l\000o}{chapter.2}% 10
\BOOKMARK [0][-]{chapter.3}{\376\377\000D\000e\000s\000a\000r\000r\000o\000l\000l\000o\000\040\000d\000e\000l\000\040\000T\000F\000M}{}% 11
\BOOKMARK [1][-]{section.3.1}{\376\377\000C\000\363\000m\000o\000\040\000c\000o\000l\000o\000c\000a\000r\000\040\000t\000a\000b\000l\000a\000s\000\040\000y\000\040\000f\000i\000g\000u\000r\000a\000s}{chapter.3}% 12
\BOOKMARK [0][-]{chapter.4}{\376\377\000R\000e\000s\000u\000l\000t\000a\000d\000o\000s\000\040\000y\000\040\000d\000i\000s\000c\000u\000s\000i\000\363\000n}{}% 13
\BOOKMARK [0][-]{chapter.5}{\376\377\000C\000o\000n\000c\000l\000u\000s\000i\000o\000n\000e\000s}{}% 14
\BOOKMARK [0][-]{chapter*.13}{\376\377\000B\000i\000b\000l\000i\000o\000g\000r\000a\000f\000\355\000a}{}% 15
\BOOKMARK [0][-]{appendix.Alph1}{\376\377\000E\000j\000e\000m\000p\000l\000o\000\040\000d\000e\000\040\000a\000n\000e\000x\000o\000:\000\040\000P\000l\000a\000n\000i\000f\000i\000c\000a\000c\000i\000\363\000n\000\040\000y\000\040\000g\000e\000s\000t\000i\000\363\000n\000\040\000d\000e\000l\000\040\000p\000r\000o\000y\000e\000c\000t\000o\000\040\000\050\000o\000p\000c\000i\000o\000n\000a\000l\000\051}{}% 16
\BOOKMARK [1][-]{section.Alph1.1}{\376\377\000M\000e\000t\000o\000d\000o\000l\000o\000g\000\355\000a\000/\000C\000i\000c\000l\000o\000\040\000d\000e\000\040\000v\000i\000d\000a}{appendix.Alph1}% 17
\BOOKMARK [1][-]{section.Alph1.2}{\376\377\000H\000e\000r\000r\000a\000m\000i\000e\000n\000t\000a\000s\000\040\000y\000\040\000p\000l\000a\000t\000a\000f\000o\000r\000m\000a\000s\000\040\000u\000t\000i\000l\000i\000z\000a\000d\000a\000s\000\040\000p\000a\000r\000a\000\040\000e\000l\000\040\000d\000e\000s\000a\000r\000r\000o\000l\000l\000o\000\040\000d\000e\000l\000\040\000p\000r\000o\000y\000e\000c\000t\000o}{appendix.Alph1}% 18
\BOOKMARK [1][-]{section.Alph1.3}{\376\377\000C\000o\000s\000t\000e\000s\000\040\000d\000e\000l\000\040\000p\000r\000o\000y\000e\000c\000t\000o}{appendix.Alph1}% 19
\BOOKMARK [1][-]{section.Alph1.4}{\376\377\000G\000e\000s\000t\000i\000\363\000n\000\040\000d\000e\000l\000\040\000p\000r\000o\000y\000e\000c\000t\000o\000.\000\040\000P\000l\000a\000n\000i\000f\000i\000c\000a\000c\000i\000\363\000n\000\040\000t\000e\000m\000p\000o\000r\000a\000l\000.\000\040\000D\000i\000a\000g\000r\000a\000m\000a\000\040\000d\000e\000\040\000G\000a\000n\000t\000t}{appendix.Alph1}% 20
\BOOKMARK [1][-]{section.Alph1.5}{\376\377\000T\000e\000x\000t\000o\000\040\000a\000\361\000a\000d\000i\000d\000o}{appendix.Alph1}% 21
\BOOKMARK [0][-]{appendix.Alph2}{\376\377\000E\000j\000e\000m\000p\000l\000o\000\040\000d\000e\000\040\000a\000n\000e\000x\000o\000:\000\040\000I\000n\000n\000o\000v\000a\000c\000i\000\363\000n\000\040\000\050\000o\000p\000c\000i\000o\000n\000a\000l\000\051}{}% 22
\BOOKMARK [1][-]{section.Alph2.1}{\376\377\000E\000s\000t\000u\000d\000i\000o\000\040\000d\000e\000l\000\040\000M\000e\000r\000c\000a\000d\000o}{appendix.Alph2}% 23
\BOOKMARK [2][-]{subsection.Alph2.1.1}{\376\377\000S\000e\000g\000m\000e\000n\000t\000o\000s\000\040\000d\000e\000\040\000C\000l\000i\000e\000n\000t\000e\000s}{section.Alph2.1}% 24
\BOOKMARK [2][-]{subsection.Alph2.1.2}{\376\377\000C\000o\000m\000p\000e\000t\000i\000d\000o\000r\000e\000s}{section.Alph2.1}% 25
\BOOKMARK [1][-]{section.Alph2.2}{\376\377\000P\000r\000o\000p\000u\000e\000s\000t\000a\000\040\000d\000e\000\040\000V\000a\000l\000o\000r}{appendix.Alph2}% 26
\BOOKMARK [1][-]{section.Alph2.3}{\376\377\000R\000e\000c\000u\000r\000s\000o\000s\000\040\000C\000l\000a\000v\000e}{appendix.Alph2}% 27
\BOOKMARK [1][-]{section.Alph2.4}{\376\377\000A\000c\000t\000i\000v\000i\000d\000a\000d\000e\000s\000\040\000C\000l\000a\000v\000e}{appendix.Alph2}% 28
\BOOKMARK [1][-]{section.Alph2.5}{\376\377\000S\000o\000c\000i\000o\000s\000\040\000y\000\040\000A\000l\000i\000a\000n\000z\000a\000s\000\040\000C\000l\000a\000v\000e}{appendix.Alph2}% 29
\BOOKMARK [1][-]{section.Alph2.6}{\376\377\000E\000s\000t\000r\000u\000c\000t\000u\000r\000a\000\040\000d\000e\000\040\000C\000o\000s\000t\000e\000s\000\040\000P\000r\000e\000v\000i\000s\000t\000a}{appendix.Alph2}% 30
\BOOKMARK [1][-]{section.Alph2.7}{\376\377\000V\000\355\000a\000s\000\040\000d\000e\000\040\000I\000n\000g\000r\000e\000s\000o\000s}{appendix.Alph2}% 31
\BOOKMARK [1][-]{section.Alph2.8}{\376\377\000C\000a\000n\000a\000l\000e\000s\000\040\000d\000e\000\040\000D\000i\000s\000t\000r\000i\000b\000u\000c\000i\000\363\000n}{appendix.Alph2}% 32
\BOOKMARK [1][-]{section.Alph2.9}{\376\377\000R\000e\000l\000a\000c\000i\000\363\000n\000\040\000c\000o\000n\000\040\000l\000o\000s\000\040\000C\000l\000i\000e\000n\000t\000e\000s}{appendix.Alph2}% 33
\BOOKMARK [1][-]{section.Alph2.10}{\376\377\000D\000e\000s\000c\000r\000i\000p\000c\000i\000\363\000n\000\040\000d\000e\000l\000\040\000P\000r\000o\000d\000u\000c\000t\000o\000\040\000M\000\355\000n\000i\000m\000o\000\040\000V\000i\000a\000b\000l\000e}{appendix.Alph2}% 34
\BOOKMARK [1][-]{section.Alph2.11}{\376\377\000R\000o\000a\000d\000m\000a\000p\000\040\000d\000e\000\040\000D\000e\000s\000a\000r\000r\000o\000l\000l\000o}{appendix.Alph2}% 35
\BOOKMARK [1][-]{section.Alph2.12}{\376\377\000A\000s\000p\000e\000c\000t\000o\000s\000\040\000L\000e\000g\000a\000l\000e\000s}{appendix.Alph2}% 36
\BOOKMARK [1][-]{section.Alph2.13}{\376\377\000T\000e\000x\000t\000o\000\040\000a\000\361\000a\000d\000i\000d\000o}{appendix.Alph2}% 37
\BOOKMARK [0][-]{appendix.Alph3}{\376\377\000E\000j\000e\000m\000p\000l\000o\000\040\000d\000e\000\040\000a\000n\000e\000x\000o\000:\000\040\000M\000a\000n\000u\000a\000l\000\040\000d\000e\000\040\000u\000s\000u\000a\000r\000i\000o\000\040\000\050\000o\000p\000c\000i\000o\000n\000a\000l\000\051}{}% 38
\BOOKMARK [1][-]{section.Alph3.1}{\376\377\000T\000e\000x\000t\000o\000\040\000a\000\361\000a\000d\000i\000d\000o}{appendix.Alph3}% 39
